// Jest Snapshot v1, https://goo.gl/fbAQLP

exports[`MovieInfo Snapshot render 1`] = `
<div
  className="wrapper"
>
  <section
    className="section"
  >
    <Connect(MovieInfo) />
  </section>
</div>
`;
