// Jest Snapshot v1, https://goo.gl/fbAQLP

exports[`ErrorBoundary Snapshot renders 1`] = `
<h2>
  Hello World!
</h2>
`;
