// Jest Snapshot v1, https://goo.gl/fbAQLP

exports[`PageNotFound Snapshot renders 1`] = `
<div
  className="container"
>
  <div
    className="message"
  >
    <h2
      className="textHead"
    >
      404
    </h2>
    <h2
      className="textHead"
    >
      ¯ \\ _ (ツ) _ / ¯
    </h2>
    <p
      className="textBody"
    >
      Page not found
    </p>
  </div>
</div>
`;
