// Jest Snapshot v1, https://goo.gl/fbAQLP

exports[`Signature Snapshot renders 1`] = `
<footer
  className="footer"
>
  <p
    className="name"
  >
    netflixroulette
  </p>
</footer>
`;
