// Jest Snapshot v1, https://goo.gl/fbAQLP

exports[`App Snapshot App render 1`] = `
<ErrorBoundary>
  <Connect(MovieSearchPage) />
  <Connect(MovieDetailsPage) />
  <Connect(Navigation) />
  <MoviesList />
  <Signature />
</ErrorBoundary>
`;
